src/app/dashboard/page.tsx(16,90): error TS2307: Cannot find module '@/components/ui/dropdown-menu' or its corresponding type declarations.
